// Jest Snapshot v1, https://goo.gl/fbAQLP

exports[`CSS properties grouped by category matches the snapshot 1`] = `
Object {
  "animation": Array [
    "@keyframes",
    "-webkit-animation",
    "-moz-animation",
    "-ms-animation",
    "-o-animation",
    "animation",
    "-webkit-animation-name",
    "-moz-animation-name",
    "-ms-animation-name",
    "-o-animation-name",
    "animation-name",
    "-webkit-animation-duration",
    "-moz-animation-duration",
    "-ms-animation-duration",
    "-o-animation-duration",
    "animation-duration",
    "-webkit-animation-play-state",
    "-moz-animation-play-state",
    "-ms-animation-play-state",
    "-o-animation-play-state",
    "animation-play-state",
    "-webkit-animation-timing-function",
    "-moz-animation-timing-function",
    "-ms-animation-timing-function",
    "-o-animation-timing-function",
    "animation-timing-function",
    "-webkit-animation-delay",
    "-moz-animation-delay",
    "-ms-animation-delay",
    "-o-animation-delay",
    "animation-delay",
    "-webkit-animation-iteration-count",
    "-moz-animation-iteration-count",
    "-ms-animation-iteration-count",
    "-o-animation-iteration-count",
    "animation-iteration-count",
    "-webkit-animation-direction",
    "-moz-animation-direction",
    "-ms-animation-direction",
    "-o-animation-direction",
    "animation-direction",
    "-webkit-animation-fill-mode",
    "-moz-animation-fill-mode",
    "-ms-animation-fill-mode",
    "-o-animation-fill-mode",
    "animation-fill-mode",
  ],
  "background": Array [
    "background",
    "filter:progid:DXImageTransform.Microsoft.AlphaImageLoader",
    "background-color",
    "background-image",
    "background-repeat",
    "background-attachment",
    "background-position",
    "-ms-background-position-x",
    "background-position-x",
    "-ms-background-position-y",
    "background-position-y",
    "-webkit-background-clip",
    "-moz-background-clip",
    "background-clip",
    "background-origin",
    "-webkit-background-size",
    "-moz-background-size",
    "-o-background-size",
    "background-size",
  ],
  "border": Array [
    "border",
    "border-width",
    "border-style",
    "border-color",
    "border-top",
    "border-top-width",
    "border-top-style",
    "border-top-color",
    "border-right",
    "border-right-width",
    "border-right-style",
    "border-right-color",
    "border-bottom",
    "border-bottom-width",
    "border-bottom-style",
    "border-bottom-color",
    "border-left",
    "border-left-width",
    "border-left-style",
    "border-left-color",
    "-webkit-border-radius",
    "-moz-border-radius",
    "border-radius",
    "-webkit-border-top-left-radius",
    "-moz-border-radius-topleft",
    "border-top-left-radius",
    "-webkit-border-top-right-radius",
    "-moz-border-radius-topright",
    "border-top-right-radius",
    "-webkit-border-bottom-right-radius",
    "-moz-border-radius-bottomright",
    "border-bottom-right-radius",
    "-webkit-border-bottom-left-radius",
    "-moz-border-radius-bottomleft",
    "border-bottom-left-radius",
    "-webkit-border-image",
    "-moz-border-image",
    "-o-border-image",
    "border-image",
    "-webkit-border-image-source",
    "-moz-border-image-source",
    "-o-border-image-source",
    "border-image-source",
    "-webkit-border-image-slice",
    "-moz-border-image-slice",
    "-o-border-image-slice",
    "border-image-slice",
    "-webkit-border-image-width",
    "-moz-border-image-width",
    "-o-border-image-width",
    "border-image-width",
    "-webkit-border-image-outset",
    "-moz-border-image-outset",
    "-o-border-image-outset",
    "border-image-outset",
    "-webkit-border-image-repeat",
    "-moz-border-image-repeat",
    "-o-border-image-repeat",
    "border-image-repeat",
    "outline",
    "outline-width",
    "outline-style",
    "outline-color",
    "outline-offset",
  ],
  "box-shadow": Array [
    "-webkit-box-shadow",
    "-moz-box-shadow",
    "box-shadow",
    "filter:progid:DXImageTransform.Microsoft.gradient",
    "-ms-filter:\\\\'progid:DXImageTransform.Microsoft.gradient",
  ],
  "clipping": Array [
    "overflow",
    "overflow-x",
    "overflow-y",
    "-ms-overflow-x",
    "-ms-overflow-y",
    "-webkit-overflow-scrolling",
    "clip",
    "clip-path",
    "mask",
    "mask-type",
    "rotation",
    "rotation-point",
  ],
  "color": Array [
    "color",
    "color-profile",
    "opacity",
    "filter:progid:DXImageTransform.Microsoft.Alpha(Opacity",
    "-ms-filter:\\\\'progid:DXImageTransform.Microsoft.Alpha",
    "-ms-interpolation-mode",
    "rendering-intent",
  ],
  "columns": Array [
    "columns",
    "column-count",
    "column-fill",
    "column-gap",
    "column-span",
    "column-width",
    "column-rule",
    "column-rule-color",
    "column-rule-style",
    "column-rule-width",
  ],
  "content": Array [
    "content",
  ],
  "cursor": Array [
    "cursor",
    "pointer-events",
  ],
  "dimensions": Array [
    "-webkit-box-sizing",
    "-moz-box-sizing",
    "box-sizing",
    "width",
    "min-width",
    "max-width",
    "height",
    "min-height",
    "max-height",
    "resize",
  ],
  "display": Array [
    "display",
    "visibility",
    "-webkit-transform",
    "-moz-transform",
    "-ms-transform",
    "-o-transform",
    "transform",
    "-webkit-transform-origin",
    "-moz-transform-origin",
    "-ms-transform-origin",
    "-o-transform-origin",
    "transform-origin",
    "zoom",
  ],
  "flexbox": Array [
    "flex",
    "flex-flow",
    "flex-basis",
    "flex-direction",
    "flex-grow",
    "flex-shrink",
    "flex-wrap",
    "align-self",
    "place-items",
    "align-items",
    "justify-items",
    "place-content",
    "align-content",
    "justify-content",
    "order",
  ],
  "float": Array [
    "float",
    "clear",
  ],
  "grid": Array [
    "grid",
    "grid-area",
    "grid-auto-columns",
    "grid-auto-flow",
    "grid-auto-rows",
    "grid-column",
    "grid-column-end",
    "grid-column-start",
    "grid-row",
    "grid-row-end",
    "grid-row-start",
    "grid-template",
    "grid-template-areas",
    "grid-template-columns",
    "grid-template-rows",
  ],
  "list": Array [
    "list-style",
    "list-style-position",
    "list-style-type",
    "list-style-image",
    "counter",
    "counter-reset",
    "counter-increment",
  ],
  "margin": Array [
    "margin",
    "margin-top",
    "margin-right",
    "margin-bottom",
    "margin-left",
  ],
  "padding": Array [
    "padding",
    "padding-top",
    "padding-right",
    "padding-bottom",
    "padding-left",
  ],
  "position": Array [
    "position",
    "z-index",
    "top",
    "right",
    "bottom",
    "left",
  ],
  "table": Array [
    "table-layout",
    "empty-cells",
    "caption-side",
    "border-spacing",
    "border-collapse",
  ],
  "transition": Array [
    "-webkit-transition",
    "-moz-transition",
    "-ms-transition",
    "-o-transition",
    "transition",
    "-webkit-transition-delay",
    "-moz-transition-delay",
    "-ms-transition-delay",
    "-o-transition-delay",
    "transition-delay",
    "-webkit-transition-timing-function",
    "-moz-transition-timing-function",
    "-ms-transition-timing-function",
    "-o-transition-timing-function",
    "transition-timing-function",
    "-webkit-transition-duration",
    "-moz-transition-duration",
    "-ms-transition-duration",
    "-o-transition-duration",
    "transition-duration",
    "-webkit-transition-property",
    "-moz-transition-property",
    "-ms-transition-property",
    "-o-transition-property",
    "transition-property",
  ],
  "typography": Array [
    "@font-face",
    "font",
    "font-family",
    "font-size",
    "font-weight",
    "font-style",
    "font-variant",
    "font-size-adjust",
    "font-stretch",
    "font-effect",
    "font-emphasize",
    "font-emphasize-position",
    "font-emphasize-style",
    "font-smooth",
    "quotes",
    "line-height",
    "text-align",
    "text-shadow",
    "-webkit-text-align-last",
    "-moz-text-align-last",
    "-ms-text-align-last",
    "text-align-last",
    "vertical-align",
    "white-space",
    "text-decoration",
    "text-decoration-color",
    "text-decoration-line",
    "text-decoration-style",
    "text-emphasis",
    "text-emphasis-color",
    "text-emphasis-style",
    "text-emphasis-position",
    "text-indent",
    "-ms-text-justify",
    "text-justify",
    "letter-spacing",
    "word-spacing",
    "-ms-writing-mode",
    "text-outline",
    "text-transform",
    "text-wrap",
    "text-orientation",
    "text-underline-position",
    "text-rendering",
    "-ms-text-overflow",
    "text-overflow",
    "text-overflow-ellipsis",
    "text-overflow-mode",
    "-ms-word-wrap",
    "word-wrap",
    "-ms-word-break",
    "word-break",
    "-moz-tab-size",
    "tab-size",
    "-webkit-hyphens",
    "-moz-hyphens",
    "hyphens",
    "unicode-bidi",
  ],
}
`;
